<html>
<body>
<pre>
<h1>µVision Build Log</h1>
<h2>Project:</h2>
F:\SPJ Kit Code\ARM2148\1.LED\led.uvproj
Project File Date:  05/01/2013

<h2>Output:</h2>
Build target 'Target 1'
assembling Startup.s...
compiling P1.c...
P1.c(2): warning:  #951-D: return type of function "main" must be "int"
P1.c:   void main()
P1.c:        ^
P1.c(5): warning:  #1-D: last line of file ends without a newline
P1.c:   }
P1.c:    ^
P1.c: P1.c: 2 warnings, 0 errors
linking...
Program Size: Code=396 RO-data=16 RW-data=0 ZI-data=1160  
FromELF: creating hex file...
"led.axf" - 0 Error(s), 2 Warning(s).
Build target 'Target 1'
assembling Startup.s...
compiling P1.c...
P1.c(5): warning:  #1-D: last line of file ends without a newline
P1.c:   }
P1.c:    ^
P1.c: P1.c: 1 warning, 0 errors
linking...
Program Size: Code=400 RO-data=16 RW-data=0 ZI-data=1160  
FromELF: creating hex file...
"led.axf" - 0 Error(s), 1 Warning(s).
Build target 'Target 1'
assembling Startup.s...
compiling P1.c...
linking...
Program Size: Code=400 RO-data=16 RW-data=0 ZI-data=1160  
FromELF: creating hex file...
"led.axf" - 0 Error(s), 0 Warning(s).
Build target 'Target 1'
assembling Startup.s...
compiling P1.c...
linking...
Program Size: Code=400 RO-data=16 RW-data=0 ZI-data=1160  
FromELF: creating hex file...
"led.axf" - 0 Error(s), 0 Warning(s).
Build target 'Target 1'
assembling Startup.s...
compiling P1.c...
P1.c(9): warning:  #111-D: statement is unreachable
P1.c:           return 0;
P1.c:           ^
P1.c: P1.c: 1 warning, 0 errors
linking...
Program Size: Code=432 RO-data=16 RW-data=0 ZI-data=1160  
FromELF: creating hex file...
"led.axf" - 0 Error(s), 1 Warning(s).
Build target 'Target 1'
assembling Startup.s...
compiling P1.c...
linking...
Program Size: Code=432 RO-data=16 RW-data=0 ZI-data=1160  
FromELF: creating hex file...
"led.axf" - 0 Error(s), 0 Warning(s).
Build target 'Target 1'
assembling Startup.s...
compiling P1.c...
linking...
Program Size: Code=432 RO-data=16 RW-data=0 ZI-data=1160  
FromELF: creating hex file...
"led.axf" - 0 Error(s), 0 Warning(s).
Build target 'Target 1'
assembling Startup.s...
compiling P1.c...
linking...
Program Size: Code=492 RO-data=16 RW-data=0 ZI-data=1160  
FromELF: creating hex file...
"led.axf" - 0 Error(s), 0 Warning(s).
Build target 'Target 1'
assembling Startup.s...
compiling P1.c...
linking...
Program Size: Code=492 RO-data=16 RW-data=0 ZI-data=1160  
FromELF: creating hex file...
"led.axf" - 0 Error(s), 0 Warning(s).
Build target 'Target 1'
assembling Startup.s...
compiling P1.c...
linking...
Program Size: Code=508 RO-data=16 RW-data=0 ZI-data=1160  
FromELF: creating hex file...
"led.axf" - 0 Error(s), 0 Warning(s).
Build target 'Target 1'
assembling Startup.s...
compiling buzzer.c...
linking...
Program Size: Code=528 RO-data=16 RW-data=0 ZI-data=1160  
FromELF: creating hex file...
"led.axf" - 0 Error(s), 0 Warning(s).
Build target 'Target 1'
assembling Startup.s...
compiling buzzer.c...
linking...
Program Size: Code=528 RO-data=16 RW-data=0 ZI-data=1160  
FromELF: creating hex file...
"led.axf" - 0 Error(s), 0 Warning(s).
Build target 'Target 1'
assembling Startup.s...
compiling buzzer.c...
linking...
Program Size: Code=528 RO-data=16 RW-data=0 ZI-data=1160  
FromELF: creating hex file...
"led.axf" - 0 Error(s), 0 Warning(s).
Build target 'Target 1'
assembling Startup.s...
compiling buzzer.c...
linking...
Program Size: Code=528 RO-data=16 RW-data=0 ZI-data=1160  
FromELF: creating hex file...
"led.axf" - 0 Error(s), 0 Warning(s).
Build target 'Target 1'
assembling Startup.s...
compiling buzzer.c...
linking...
Program Size: Code=528 RO-data=16 RW-data=0 ZI-data=1160  
FromELF: creating hex file...
"led.axf" - 0 Error(s), 0 Warning(s).
Build target 'Target 1'
assembling Startup.s...
compiling buzzer.c...
linking...
Program Size: Code=512 RO-data=16 RW-data=0 ZI-data=1160  
FromELF: creating hex file...
"led.axf" - 0 Error(s), 0 Warning(s).
Build target 'Target 1'
assembling Startup.s...
compiling buzzer.c...
linking...
Program Size: Code=600 RO-data=16 RW-data=0 ZI-data=1160  
FromELF: creating hex file...
"led.axf" - 0 Error(s), 0 Warning(s).
Build target 'Target 1'
assembling Startup.s...
compiling button.c...
linking...
Program Size: Code=416 RO-data=16 RW-data=0 ZI-data=1160  
FromELF: creating hex file...
"led.axf" - 0 Error(s), 0 Warning(s).
Build target 'Target 1'
assembling Startup.s...
compiling button.c...
linking...
Program Size: Code=428 RO-data=16 RW-data=0 ZI-data=1160  
FromELF: creating hex file...
"led.axf" - 0 Error(s), 0 Warning(s).
Build target 'Target 1'
assembling Startup.s...
compiling button.c...
linking...
Program Size: Code=428 RO-data=16 RW-data=0 ZI-data=1160  
FromELF: creating hex file...
"led.axf" - 0 Error(s), 0 Warning(s).
Build target 'Target 1'
assembling Startup.s...
compiling button.c...
linking...
Program Size: Code=560 RO-data=32 RW-data=4 ZI-data=1164  
FromELF: creating hex file...
"led.axf" - 0 Error(s), 0 Warning(s).
Build target 'Target 1'
assembling Startup.s...
compiling button.c...
linking...
Program Size: Code=584 RO-data=32 RW-data=4 ZI-data=1164  
FromELF: creating hex file...
"led.axf" - 0 Error(s), 0 Warning(s).
Build target 'Target 1'
assembling Startup.s...
compiling button.c...
linking...
Program Size: Code=584 RO-data=32 RW-data=4 ZI-data=1164  
FromELF: creating hex file...
"led.axf" - 0 Error(s), 0 Warning(s).
Build target 'Target 1'
assembling Startup.s...
compiling button.c...
linking...
Program Size: Code=584 RO-data=32 RW-data=4 ZI-data=1164  
FromELF: creating hex file...
"led.axf" - 0 Error(s), 0 Warning(s).
Build target 'Target 1'
assembling Startup.s...
compiling button.c...
linking...
Program Size: Code=592 RO-data=32 RW-data=4 ZI-data=1164  
FromELF: creating hex file...
"led.axf" - 0 Error(s), 0 Warning(s).
Build target 'Target 1'
assembling Startup.s...
compiling button.c...
linking...
Program Size: Code=592 RO-data=32 RW-data=4 ZI-data=1164  
FromELF: creating hex file...
"led.axf" - 0 Error(s), 0 Warning(s).
Build target 'Target 1'
assembling Startup.s...
compiling button.c...
linking...
Program Size: Code=592 RO-data=32 RW-data=4 ZI-data=1164  
FromELF: creating hex file...
"led.axf" - 0 Error(s), 0 Warning(s).
